  Determining projects to restore...
  All projects are up-to-date for restore.
  EmployeeManagement.Domain -> C:\Users\sjalk\source\repos\HR_system\EmployeeManagement.Domain\bin\Debug\net10.0\EmployeeManagement.Domain.dll
  EmployeeManagement.Application -> C:\Users\sjalk\source\repos\HR_system\EmployeeManagement.Application\bin\Debug\net10.0\EmployeeManagement.Application.dll
  EmployeeManagement.Infrastructure -> C:\Users\sjalk\source\repos\HR_system\EmployeeManagement.Infrastructure\bin\Debug\net10.0\EmployeeManagement.Infrastructure.dll
C:\Program Files\dotnet\sdk\10.0.301\Microsoft.Common.CurrentVersion.targets(5096,5): warning MSB3026: Could not copy "C:\Users\sjalk\source\repos\HR_system\EmployeeManagement.Application\bin\Debug\net10.0\EmployeeManagement.Application.dll" to "bin\Debug\net10.0\EmployeeManagement.Application.dll". Beginning retry 1 in 1000ms. The process cannot access the file 'C:\Users\sjalk\source\repos\HR_system\EmployeeManagement.Web\bin\Debug\net10.0\EmployeeManagement.Application.dll' because it is being used by another process. The file is locked by: "EmployeeManagement.Web (22332)" [C:\Users\sjalk\source\repos\HR_system\EmployeeManagement.Web\EmployeeManagement.Web.csproj]
C:\Program Files\dotnet\sdk\10.0.301\Microsoft.Common.CurrentVersion.targets(5096,5): warning MSB3026: Could not copy "C:\Users\sjalk\source\repos\HR_system\EmployeeManagement.Infrastructure\bin\Debug\net10.0\EmployeeManagement.Infrastructure.dll" to "bin\Debug\net10.0\EmployeeManagement.Infrastructure.dll". Beginning retry 1 in 1000ms. The process cannot access the file 'C:\Users\sjalk\source\repos\HR_system\EmployeeManagement.Web\bin\Debug\net10.0\EmployeeManagement.Infrastructure.dll' because it is being used by another process. The file is locked by: "EmployeeManagement.Web (22332)" [C:\Users\sjalk\source\repos\HR_system\EmployeeManagement.Web\EmployeeManagement.Web.csproj]
C:\Program Files\dotnet\sdk\10.0.301\Microsoft.Common.CurrentVersion.targets(5096,5): warning MSB3026: Could not copy "C:\Users\sjalk\source\repos\HR_system\EmployeeManagement.Domain\bin\Debug\net10.0\EmployeeManagement.Domain.dll" to "bin\Debug\net10.0\EmployeeManagement.Domain.dll". Beginning retry 1 in 1000ms. The process cannot access the file 'C:\Users\sjalk\source\repos\HR_system\EmployeeManagement.Web\bin\Debug\net10.0\EmployeeManagement.Domain.dll' because it is being used by another process. The file is locked by: "EmployeeManagement.Web (22332)" [C:\Users\sjalk\source\repos\HR_system\EmployeeManagement.Web\EmployeeManagement.Web.csproj]
C:\Program Files\dotnet\sdk\10.0.301\Microsoft.Common.CurrentVersion.targets(5096,5): warning MSB3026: Could not copy "C:\Users\sjalk\source\repos\HR_system\EmployeeManagement.Domain\bin\Debug\net10.0\EmployeeManagement.Domain.dll" to "bin\Debug\net10.0\EmployeeManagement.Domain.dll". Beginning retry 2 in 1000ms. The process cannot access the file 'C:\Users\sjalk\source\repos\HR_system\EmployeeManagement.Web\bin\Debug\net10.0\EmployeeManagement.Domain.dll' because it is being used by another process. The file is locked by: "EmployeeManagement.Web (22332)" [C:\Users\sjalk\source\repos\HR_system\EmployeeManagement.Web\EmployeeManagement.Web.csproj]
C:\Program Files\dotnet\sdk\10.0.301\Microsoft.Common.CurrentVersion.targets(5096,5): warning MSB3026: Could not copy "C:\Users\sjalk\source\repos\HR_system\EmployeeManagement.Infrastructure\bin\Debug\net10.0\EmployeeManagement.Infrastructure.dll" to "bin\Debug\net10.0\EmployeeManagement.Infrastructure.dll". Beginning retry 2 in 1000ms. The process cannot access the file 'C:\Users\sjalk\source\repos\HR_system\EmployeeManagement.Web\bin\Debug\net10.0\EmployeeManagement.Infrastructure.dll' because it is being used by another process. The file is locked by: "EmployeeManagement.Web (22332)" [C:\Users\sjalk\source\repos\HR_system\EmployeeManagement.Web\EmployeeManagement.Web.csproj]
C:\Program Files\dotnet\sdk\10.0.301\Microsoft.Common.CurrentVersion.targets(5096,5): warning MSB3026: Could not copy "C:\Users\sjalk\source\repos\HR_system\EmployeeManagement.Application\bin\Debug\net10.0\EmployeeManagement.Application.dll" to "bin\Debug\net10.0\EmployeeManagement.Application.dll". Beginning retry 2 in 1000ms. The process cannot access the file 'C:\Users\sjalk\source\repos\HR_system\EmployeeManagement.Web\bin\Debug\net10.0\EmployeeManagement.Application.dll' because it is being used by another process. The file is locked by: "EmployeeManagement.Web (22332)" [C:\Users\sjalk\source\repos\HR_system\EmployeeManagement.Web\EmployeeManagement.Web.csproj]
C:\Program Files\dotnet\sdk\10.0.301\Microsoft.Common.CurrentVersion.targets(5096,5): warning MSB3026: Could not copy "C:\Users\sjalk\source\repos\HR_system\EmployeeManagement.Domain\bin\Debug\net10.0\EmployeeManagement.Domain.dll" to "bin\Debug\net10.0\EmployeeManagement.Domain.dll". Beginning retry 3 in 1000ms. The process cannot access the file 'C:\Users\sjalk\source\repos\HR_system\EmployeeManagement.Web\bin\Debug\net10.0\EmployeeManagement.Domain.dll' because it is being used by another process. The file is locked by: "EmployeeManagement.Web (22332)" [C:\Users\sjalk\source\repos\HR_system\EmployeeManagement.Web\EmployeeManagement.Web.csproj]
C:\Program Files\dotnet\sdk\10.0.301\Microsoft.Common.CurrentVersion.targets(5096,5): warning MSB3026: Could not copy "C:\Users\sjalk\source\repos\HR_system\EmployeeManagement.Application\bin\Debug\net10.0\EmployeeManagement.Application.dll" to "bin\Debug\net10.0\EmployeeManagement.Application.dll". Beginning retry 3 in 1000ms. The process cannot access the file 'C:\Users\sjalk\source\repos\HR_system\EmployeeManagement.Web\bin\Debug\net10.0\EmployeeManagement.Application.dll' because it is being used by another process. The file is locked by: "EmployeeManagement.Web (22332)" [C:\Users\sjalk\source\repos\HR_system\EmployeeManagement.Web\EmployeeManagement.Web.csproj]
C:\Program Files\dotnet\sdk\10.0.301\Microsoft.Common.CurrentVersion.targets(5096,5): warning MSB3026: Could not copy "C:\Users\sjalk\source\repos\HR_system\EmployeeManagement.Infrastructure\bin\Debug\net10.0\EmployeeManagement.Infrastructure.dll" to "bin\Debug\net10.0\EmployeeManagement.Infrastructure.dll". Beginning retry 3 in 1000ms. The process cannot access the file 'C:\Users\sjalk\source\repos\HR_system\EmployeeManagement.Web\bin\Debug\net10.0\EmployeeManagement.Infrastructure.dll' because it is being used by another process. The file is locked by: "EmployeeManagement.Web (22332)" [C:\Users\sjalk\source\repos\HR_system\EmployeeManagement.Web\EmployeeManagement.Web.csproj]
C:\Program Files\dotnet\sdk\10.0.301\Microsoft.Common.CurrentVersion.targets(5096,5): warning MSB3026: Could not copy "C:\Users\sjalk\source\repos\HR_system\EmployeeManagement.Domain\bin\Debug\net10.0\EmployeeManagement.Domain.dll" to "bin\Debug\net10.0\EmployeeManagement.Domain.dll". Beginning retry 4 in 1000ms. The process cannot access the file 'C:\Users\sjalk\source\repos\HR_system\EmployeeManagement.Web\bin\Debug\net10.0\EmployeeManagement.Domain.dll' because it is being used by another process. The file is locked by: "EmployeeManagement.Web (22332)" [C:\Users\sjalk\source\repos\HR_system\EmployeeManagement.Web\EmployeeManagement.Web.csproj]
C:\Program Files\dotnet\sdk\10.0.301\Microsoft.Common.CurrentVersion.targets(5096,5): warning MSB3026: Could not copy "C:\Users\sjalk\source\repos\HR_system\EmployeeManagement.Infrastructure\bin\Debug\net10.0\EmployeeManagement.Infrastructure.dll" to "bin\Debug\net10.0\EmployeeManagement.Infrastructure.dll". Beginning retry 4 in 1000ms. The process cannot access the file 'C:\Users\sjalk\source\repos\HR_system\EmployeeManagement.Web\bin\Debug\net10.0\EmployeeManagement.Infrastructure.dll' because it is being used by another process. The file is locked by: "EmployeeManagement.Web (22332)" [C:\Users\sjalk\source\repos\HR_system\EmployeeManagement.Web\EmployeeManagement.Web.csproj]
C:\Program Files\dotnet\sdk\10.0.301\Microsoft.Common.CurrentVersion.targets(5096,5): warning MSB3026: Could not copy "C:\Users\sjalk\source\repos\HR_system\EmployeeManagement.Application\bin\Debug\net10.0\EmployeeManagement.Application.dll" to "bin\Debug\net10.0\EmployeeManagement.Application.dll". Beginning retry 4 in 1000ms. The process cannot access the file 'C:\Users\sjalk\source\repos\HR_system\EmployeeManagement.Web\bin\Debug\net10.0\EmployeeManagement.Application.dll' because it is being used by another process. The file is locked by: "EmployeeManagement.Web (22332)" [C:\Users\sjalk\source\repos\HR_system\EmployeeManagement.Web\EmployeeManagement.Web.csproj]
C:\Program Files\dotnet\sdk\10.0.301\Microsoft.Common.CurrentVersion.targets(5096,5): warning MSB3026: Could not copy "C:\Users\sjalk\source\repos\HR_system\EmployeeManagement.Domain\bin\Debug\net10.0\EmployeeManagement.Domain.dll" to "bin\Debug\net10.0\EmployeeManagement.Domain.dll". Beginning retry 5 in 1000ms. The process cannot access the file 'C:\Users\sjalk\source\repos\HR_system\EmployeeManagement.Web\bin\Debug\net10.0\EmployeeManagement.Domain.dll' because it is being used by another process. The file is locked by: "EmployeeManagement.Web (22332)" [C:\Users\sjalk\source\repos\HR_system\EmployeeManagement.Web\EmployeeManagement.Web.csproj]
C:\Program Files\dotnet\sdk\10.0.301\Microsoft.Common.CurrentVersion.targets(5096,5): warning MSB3026: Could not copy "C:\Users\sjalk\source\repos\HR_system\EmployeeManagement.Infrastructure\bin\Debug\net10.0\EmployeeManagement.Infrastructure.dll" to "bin\Debug\net10.0\EmployeeManagement.Infrastructure.dll". Beginning retry 5 in 1000ms. The process cannot access the file 'C:\Users\sjalk\source\repos\HR_system\EmployeeManagement.Web\bin\Debug\net10.0\EmployeeManagement.Infrastructure.dll' because it is being used by another process. The file is locked by: "EmployeeManagement.Web (22332)" [C:\Users\sjalk\source\repos\HR_system\EmployeeManagement.Web\EmployeeManagement.Web.csproj]
C:\Program Files\dotnet\sdk\10.0.301\Microsoft.Common.CurrentVersion.targets(5096,5): warning MSB3026: Could not copy "C:\Users\sjalk\source\repos\HR_system\EmployeeManagement.Application\bin\Debug\net10.0\EmployeeManagement.Application.dll" to "bin\Debug\net10.0\EmployeeManagement.Application.dll". Beginning retry 5 in 1000ms. The process cannot access the file 'C:\Users\sjalk\source\repos\HR_system\EmployeeManagement.Web\bin\Debug\net10.0\EmployeeManagement.Application.dll' because it is being used by another process. The file is locked by: "EmployeeManagement.Web (22332)" [C:\Users\sjalk\source\repos\HR_system\EmployeeManagement.Web\EmployeeManagement.Web.csproj]
C:\Program Files\dotnet\sdk\10.0.301\Microsoft.Common.CurrentVersion.targets(5096,5): warning MSB3026: Could not copy "C:\Users\sjalk\source\repos\HR_system\EmployeeManagement.Domain\bin\Debug\net10.0\EmployeeManagement.Domain.dll" to "bin\Debug\net10.0\EmployeeManagement.Domain.dll". Beginning retry 6 in 1000ms. The process cannot access the file 'C:\Users\sjalk\source\repos\HR_system\EmployeeManagement.Web\bin\Debug\net10.0\EmployeeManagement.Domain.dll' because it is being used by another process. The file is locked by: "EmployeeManagement.Web (22332)" [C:\Users\sjalk\source\repos\HR_system\EmployeeManagement.Web\EmployeeManagement.Web.csproj]
C:\Program Files\dotnet\sdk\10.0.301\Microsoft.Common.CurrentVersion.targets(5096,5): warning MSB3026: Could not copy "C:\Users\sjalk\source\repos\HR_system\EmployeeManagement.Application\bin\Debug\net10.0\EmployeeManagement.Application.dll" to "bin\Debug\net10.0\EmployeeManagement.Application.dll". Beginning retry 6 in 1000ms. The process cannot access the file 'C:\Users\sjalk\source\repos\HR_system\EmployeeManagement.Web\bin\Debug\net10.0\EmployeeManagement.Application.dll' because it is being used by another process. The file is locked by: "EmployeeManagement.Web (22332)" [C:\Users\sjalk\source\repos\HR_system\EmployeeManagement.Web\EmployeeManagement.Web.csproj]
C:\Program Files\dotnet\sdk\10.0.301\Microsoft.Common.CurrentVersion.targets(5096,5): warning MSB3026: Could not copy "C:\Users\sjalk\source\repos\HR_system\EmployeeManagement.Infrastructure\bin\Debug\net10.0\EmployeeManagement.Infrastructure.dll" to "bin\Debug\net10.0\EmployeeManagement.Infrastructure.dll". Beginning retry 6 in 1000ms. The process cannot access the file 'C:\Users\sjalk\source\repos\HR_system\EmployeeManagement.Web\bin\Debug\net10.0\EmployeeManagement.Infrastructure.dll' because it is being used by another process. The file is locked by: "EmployeeManagement.Web (22332)" [C:\Users\sjalk\source\repos\HR_system\EmployeeManagement.Web\EmployeeManagement.Web.csproj]
C:\Program Files\dotnet\sdk\10.0.301\Microsoft.Common.CurrentVersion.targets(5096,5): warning MSB3026: Could not copy "C:\Users\sjalk\source\repos\HR_system\EmployeeManagement.Domain\bin\Debug\net10.0\EmployeeManagement.Domain.dll" to "bin\Debug\net10.0\EmployeeManagement.Domain.dll". Beginning retry 7 in 1000ms. The process cannot access the file 'C:\Users\sjalk\source\repos\HR_system\EmployeeManagement.Web\bin\Debug\net10.0\EmployeeManagement.Domain.dll' because it is being used by another process. The file is locked by: "EmployeeManagement.Web (22332)" [C:\Users\sjalk\source\repos\HR_system\EmployeeManagement.Web\EmployeeManagement.Web.csproj]
C:\Program Files\dotnet\sdk\10.0.301\Microsoft.Common.CurrentVersion.targets(5096,5): warning MSB3026: Could not copy "C:\Users\sjalk\source\repos\HR_system\EmployeeManagement.Infrastructure\bin\Debug\net10.0\EmployeeManagement.Infrastructure.dll" to "bin\Debug\net10.0\EmployeeManagement.Infrastructure.dll". Beginning retry 7 in 1000ms. The process cannot access the file 'C:\Users\sjalk\source\repos\HR_system\EmployeeManagement.Web\bin\Debug\net10.0\EmployeeManagement.Infrastructure.dll' because it is being used by another process. The file is locked by: "EmployeeManagement.Web (22332)" [C:\Users\sjalk\source\repos\HR_system\EmployeeManagement.Web\EmployeeManagement.Web.csproj]
C:\Program Files\dotnet\sdk\10.0.301\Microsoft.Common.CurrentVersion.targets(5096,5): warning MSB3026: Could not copy "C:\Users\sjalk\source\repos\HR_system\EmployeeManagement.Application\bin\Debug\net10.0\EmployeeManagement.Application.dll" to "bin\Debug\net10.0\EmployeeManagement.Application.dll". Beginning retry 7 in 1000ms. The process cannot access the file 'C:\Users\sjalk\source\repos\HR_system\EmployeeManagement.Web\bin\Debug\net10.0\EmployeeManagement.Application.dll' because it is being used by another process. The file is locked by: "EmployeeManagement.Web (22332)" [C:\Users\sjalk\source\repos\HR_system\EmployeeManagement.Web\EmployeeManagement.Web.csproj]
C:\Program Files\dotnet\sdk\10.0.301\Microsoft.Common.CurrentVersion.targets(5096,5): warning MSB3026: Could not copy "C:\Users\sjalk\source\repos\HR_system\EmployeeManagement.Domain\bin\Debug\net10.0\EmployeeManagement.Domain.dll" to "bin\Debug\net10.0\EmployeeManagement.Domain.dll". Beginning retry 8 in 1000ms. The process cannot access the file 'C:\Users\sjalk\source\repos\HR_system\EmployeeManagement.Web\bin\Debug\net10.0\EmployeeManagement.Domain.dll' because it is being used by another process. The file is locked by: "EmployeeManagement.Web (22332)" [C:\Users\sjalk\source\repos\HR_system\EmployeeManagement.Web\EmployeeManagement.Web.csproj]
C:\Program Files\dotnet\sdk\10.0.301\Microsoft.Common.CurrentVersion.targets(5096,5): warning MSB3026: Could not copy "C:\Users\sjalk\source\repos\HR_system\EmployeeManagement.Infrastructure\bin\Debug\net10.0\EmployeeManagement.Infrastructure.dll" to "bin\Debug\net10.0\EmployeeManagement.Infrastructure.dll". Beginning retry 8 in 1000ms. The process cannot access the file 'C:\Users\sjalk\source\repos\HR_system\EmployeeManagement.Web\bin\Debug\net10.0\EmployeeManagement.Infrastructure.dll' because it is being used by another process. The file is locked by: "EmployeeManagement.Web (22332)" [C:\Users\sjalk\source\repos\HR_system\EmployeeManagement.Web\EmployeeManagement.Web.csproj]
C:\Program Files\dotnet\sdk\10.0.301\Microsoft.Common.CurrentVersion.targets(5096,5): warning MSB3026: Could not copy "C:\Users\sjalk\source\repos\HR_system\EmployeeManagement.Application\bin\Debug\net10.0\EmployeeManagement.Application.dll" to "bin\Debug\net10.0\EmployeeManagement.Application.dll". Beginning retry 8 in 1000ms. The process cannot access the file 'C:\Users\sjalk\source\repos\HR_system\EmployeeManagement.Web\bin\Debug\net10.0\EmployeeManagement.Application.dll' because it is being used by another process. The file is locked by: "EmployeeManagement.Web (22332)" [C:\Users\sjalk\source\repos\HR_system\EmployeeManagement.Web\EmployeeManagement.Web.csproj]
C:\Program Files\dotnet\sdk\10.0.301\Microsoft.Common.CurrentVersion.targets(5096,5): warning MSB3026: Could not copy "C:\Users\sjalk\source\repos\HR_system\EmployeeManagement.Domain\bin\Debug\net10.0\EmployeeManagement.Domain.dll" to "bin\Debug\net10.0\EmployeeManagement.Domain.dll". Beginning retry 9 in 1000ms. The process cannot access the file 'C:\Users\sjalk\source\repos\HR_system\EmployeeManagement.Web\bin\Debug\net10.0\EmployeeManagement.Domain.dll' because it is being used by another process. The file is locked by: "EmployeeManagement.Web (22332)" [C:\Users\sjalk\source\repos\HR_system\EmployeeManagement.Web\EmployeeManagement.Web.csproj]
C:\Program Files\dotnet\sdk\10.0.301\Microsoft.Common.CurrentVersion.targets(5096,5): warning MSB3026: Could not copy "C:\Users\sjalk\source\repos\HR_system\EmployeeManagement.Application\bin\Debug\net10.0\EmployeeManagement.Application.dll" to "bin\Debug\net10.0\EmployeeManagement.Application.dll". Beginning retry 9 in 1000ms. The process cannot access the file 'C:\Users\sjalk\source\repos\HR_system\EmployeeManagement.Web\bin\Debug\net10.0\EmployeeManagement.Application.dll' because it is being used by another process. The file is locked by: "EmployeeManagement.Web (22332)" [C:\Users\sjalk\source\repos\HR_system\EmployeeManagement.Web\EmployeeManagement.Web.csproj]
C:\Program Files\dotnet\sdk\10.0.301\Microsoft.Common.CurrentVersion.targets(5096,5): warning MSB3026: Could not copy "C:\Users\sjalk\source\repos\HR_system\EmployeeManagement.Infrastructure\bin\Debug\net10.0\EmployeeManagement.Infrastructure.dll" to "bin\Debug\net10.0\EmployeeManagement.Infrastructure.dll". Beginning retry 9 in 1000ms. The process cannot access the file 'C:\Users\sjalk\source\repos\HR_system\EmployeeManagement.Web\bin\Debug\net10.0\EmployeeManagement.Infrastructure.dll' because it is being used by another process. The file is locked by: "EmployeeManagement.Web (22332)" [C:\Users\sjalk\source\repos\HR_system\EmployeeManagement.Web\EmployeeManagement.Web.csproj]
C:\Program Files\dotnet\sdk\10.0.301\Microsoft.Common.CurrentVersion.targets(5096,5): warning MSB3026: Could not copy "C:\Users\sjalk\source\repos\HR_system\EmployeeManagement.Domain\bin\Debug\net10.0\EmployeeManagement.Domain.dll" to "bin\Debug\net10.0\EmployeeManagement.Domain.dll". Beginning retry 10 in 1000ms. The process cannot access the file 'C:\Users\sjalk\source\repos\HR_system\EmployeeManagement.Web\bin\Debug\net10.0\EmployeeManagement.Domain.dll' because it is being used by another process. The file is locked by: "EmployeeManagement.Web (22332)" [C:\Users\sjalk\source\repos\HR_system\EmployeeManagement.Web\EmployeeManagement.Web.csproj]
C:\Program Files\dotnet\sdk\10.0.301\Microsoft.Common.CurrentVersion.targets(5096,5): warning MSB3026: Could not copy "C:\Users\sjalk\source\repos\HR_system\EmployeeManagement.Infrastructure\bin\Debug\net10.0\EmployeeManagement.Infrastructure.dll" to "bin\Debug\net10.0\EmployeeManagement.Infrastructure.dll". Beginning retry 10 in 1000ms. The process cannot access the file 'C:\Users\sjalk\source\repos\HR_system\EmployeeManagement.Web\bin\Debug\net10.0\EmployeeManagement.Infrastructure.dll' because it is being used by another process. The file is locked by: "EmployeeManagement.Web (22332)" [C:\Users\sjalk\source\repos\HR_system\EmployeeManagement.Web\EmployeeManagement.Web.csproj]
C:\Program Files\dotnet\sdk\10.0.301\Microsoft.Common.CurrentVersion.targets(5096,5): warning MSB3026: Could not copy "C:\Users\sjalk\source\repos\HR_system\EmployeeManagement.Application\bin\Debug\net10.0\EmployeeManagement.Application.dll" to "bin\Debug\net10.0\EmployeeManagement.Application.dll". Beginning retry 10 in 1000ms. The process cannot access the file 'C:\Users\sjalk\source\repos\HR_system\EmployeeManagement.Web\bin\Debug\net10.0\EmployeeManagement.Application.dll' because it is being used by another process. The file is locked by: "EmployeeManagement.Web (22332)" [C:\Users\sjalk\source\repos\HR_system\EmployeeManagement.Web\EmployeeManagement.Web.csproj]
C:\Program Files\dotnet\sdk\10.0.301\Microsoft.Common.CurrentVersion.targets(5096,5): error MSB3027: Could not copy "C:\Users\sjalk\source\repos\HR_system\EmployeeManagement.Domain\bin\Debug\net10.0\EmployeeManagement.Domain.dll" to "bin\Debug\net10.0\EmployeeManagement.Domain.dll". Exceeded retry count of 10. Failed. The file is locked by: "EmployeeManagement.Web (22332)" [C:\Users\sjalk\source\repos\HR_system\EmployeeManagement.Web\EmployeeManagement.Web.csproj]
C:\Program Files\dotnet\sdk\10.0.301\Microsoft.Common.CurrentVersion.targets(5096,5): error MSB3021: Unable to copy file "C:\Users\sjalk\source\repos\HR_system\EmployeeManagement.Domain\bin\Debug\net10.0\EmployeeManagement.Domain.dll" to "bin\Debug\net10.0\EmployeeManagement.Domain.dll". The process cannot access the file 'C:\Users\sjalk\source\repos\HR_system\EmployeeManagement.Web\bin\Debug\net10.0\EmployeeManagement.Domain.dll' because it is being used by another process. [C:\Users\sjalk\source\repos\HR_system\EmployeeManagement.Web\EmployeeManagement.Web.csproj]
C:\Program Files\dotnet\sdk\10.0.301\Microsoft.Common.CurrentVersion.targets(5096,5): error MSB3027: Could not copy "C:\Users\sjalk\source\repos\HR_system\EmployeeManagement.Infrastructure\bin\Debug\net10.0\EmployeeManagement.Infrastructure.dll" to "bin\Debug\net10.0\EmployeeManagement.Infrastructure.dll". Exceeded retry count of 10. Failed. The file is locked by: "EmployeeManagement.Web (22332)" [C:\Users\sjalk\source\repos\HR_system\EmployeeManagement.Web\EmployeeManagement.Web.csproj]
C:\Program Files\dotnet\sdk\10.0.301\Microsoft.Common.CurrentVersion.targets(5096,5): error MSB3021: Unable to copy file "C:\Users\sjalk\source\repos\HR_system\EmployeeManagement.Infrastructure\bin\Debug\net10.0\EmployeeManagement.Infrastructure.dll" to "bin\Debug\net10.0\EmployeeManagement.Infrastructure.dll". The process cannot access the file 'C:\Users\sjalk\source\repos\HR_system\EmployeeManagement.Web\bin\Debug\net10.0\EmployeeManagement.Infrastructure.dll' because it is being used by another process. [C:\Users\sjalk\source\repos\HR_system\EmployeeManagement.Web\EmployeeManagement.Web.csproj]
C:\Program Files\dotnet\sdk\10.0.301\Microsoft.Common.CurrentVersion.targets(5096,5): error MSB3027: Could not copy "C:\Users\sjalk\source\repos\HR_system\EmployeeManagement.Application\bin\Debug\net10.0\EmployeeManagement.Application.dll" to "bin\Debug\net10.0\EmployeeManagement.Application.dll". Exceeded retry count of 10. Failed. The file is locked by: "EmployeeManagement.Web (22332)" [C:\Users\sjalk\source\repos\HR_system\EmployeeManagement.Web\EmployeeManagement.Web.csproj]
C:\Program Files\dotnet\sdk\10.0.301\Microsoft.Common.CurrentVersion.targets(5096,5): error MSB3021: Unable to copy file "C:\Users\sjalk\source\repos\HR_system\EmployeeManagement.Application\bin\Debug\net10.0\EmployeeManagement.Application.dll" to "bin\Debug\net10.0\EmployeeManagement.Application.dll". The process cannot access the file 'C:\Users\sjalk\source\repos\HR_system\EmployeeManagement.Web\bin\Debug\net10.0\EmployeeManagement.Application.dll' because it is being used by another process. [C:\Users\sjalk\source\repos\HR_system\EmployeeManagement.Web\EmployeeManagement.Web.csproj]

Build FAILED.

C:\Program Files\dotnet\sdk\10.0.301\Microsoft.Common.CurrentVersion.targets(5096,5): warning MSB3026: Could not copy "C:\Users\sjalk\source\repos\HR_system\EmployeeManagement.Application\bin\Debug\net10.0\EmployeeManagement.Application.dll" to "bin\Debug\net10.0\EmployeeManagement.Application.dll". Beginning retry 1 in 1000ms. The process cannot access the file 'C:\Users\sjalk\source\repos\HR_system\EmployeeManagement.Web\bin\Debug\net10.0\EmployeeManagement.Application.dll' because it is being used by another process. The file is locked by: "EmployeeManagement.Web (22332)" [C:\Users\sjalk\source\repos\HR_system\EmployeeManagement.Web\EmployeeManagement.Web.csproj]
C:\Program Files\dotnet\sdk\10.0.301\Microsoft.Common.CurrentVersion.targets(5096,5): warning MSB3026: Could not copy "C:\Users\sjalk\source\repos\HR_system\EmployeeManagement.Infrastructure\bin\Debug\net10.0\EmployeeManagement.Infrastructure.dll" to "bin\Debug\net10.0\EmployeeManagement.Infrastructure.dll". Beginning retry 1 in 1000ms. The process cannot access the file 'C:\Users\sjalk\source\repos\HR_system\EmployeeManagement.Web\bin\Debug\net10.0\EmployeeManagement.Infrastructure.dll' because it is being used by another process. The file is locked by: "EmployeeManagement.Web (22332)" [C:\Users\sjalk\source\repos\HR_system\EmployeeManagement.Web\EmployeeManagement.Web.csproj]
C:\Program Files\dotnet\sdk\10.0.301\Microsoft.Common.CurrentVersion.targets(5096,5): warning MSB3026: Could not copy "C:\Users\sjalk\source\repos\HR_system\EmployeeManagement.Domain\bin\Debug\net10.0\EmployeeManagement.Domain.dll" to "bin\Debug\net10.0\EmployeeManagement.Domain.dll". Beginning retry 1 in 1000ms. The process cannot access the file 'C:\Users\sjalk\source\repos\HR_system\EmployeeManagement.Web\bin\Debug\net10.0\EmployeeManagement.Domain.dll' because it is being used by another process. The file is locked by: "EmployeeManagement.Web (22332)" [C:\Users\sjalk\source\repos\HR_system\EmployeeManagement.Web\EmployeeManagement.Web.csproj]
C:\Program Files\dotnet\sdk\10.0.301\Microsoft.Common.CurrentVersion.targets(5096,5): warning MSB3026: Could not copy "C:\Users\sjalk\source\repos\HR_system\EmployeeManagement.Domain\bin\Debug\net10.0\EmployeeManagement.Domain.dll" to "bin\Debug\net10.0\EmployeeManagement.Domain.dll". Beginning retry 2 in 1000ms. The process cannot access the file 'C:\Users\sjalk\source\repos\HR_system\EmployeeManagement.Web\bin\Debug\net10.0\EmployeeManagement.Domain.dll' because it is being used by another process. The file is locked by: "EmployeeManagement.Web (22332)" [C:\Users\sjalk\source\repos\HR_system\EmployeeManagement.Web\EmployeeManagement.Web.csproj]
C:\Program Files\dotnet\sdk\10.0.301\Microsoft.Common.CurrentVersion.targets(5096,5): warning MSB3026: Could not copy "C:\Users\sjalk\source\repos\HR_system\EmployeeManagement.Infrastructure\bin\Debug\net10.0\EmployeeManagement.Infrastructure.dll" to "bin\Debug\net10.0\EmployeeManagement.Infrastructure.dll". Beginning retry 2 in 1000ms. The process cannot access the file 'C:\Users\sjalk\source\repos\HR_system\EmployeeManagement.Web\bin\Debug\net10.0\EmployeeManagement.Infrastructure.dll' because it is being used by another process. The file is locked by: "EmployeeManagement.Web (22332)" [C:\Users\sjalk\source\repos\HR_system\EmployeeManagement.Web\EmployeeManagement.Web.csproj]
C:\Program Files\dotnet\sdk\10.0.301\Microsoft.Common.CurrentVersion.targets(5096,5): warning MSB3026: Could not copy "C:\Users\sjalk\source\repos\HR_system\EmployeeManagement.Application\bin\Debug\net10.0\EmployeeManagement.Application.dll" to "bin\Debug\net10.0\EmployeeManagement.Application.dll". Beginning retry 2 in 1000ms. The process cannot access the file 'C:\Users\sjalk\source\repos\HR_system\EmployeeManagement.Web\bin\Debug\net10.0\EmployeeManagement.Application.dll' because it is being used by another process. The file is locked by: "EmployeeManagement.Web (22332)" [C:\Users\sjalk\source\repos\HR_system\EmployeeManagement.Web\EmployeeManagement.Web.csproj]
C:\Program Files\dotnet\sdk\10.0.301\Microsoft.Common.CurrentVersion.targets(5096,5): warning MSB3026: Could not copy "C:\Users\sjalk\source\repos\HR_system\EmployeeManagement.Domain\bin\Debug\net10.0\EmployeeManagement.Domain.dll" to "bin\Debug\net10.0\EmployeeManagement.Domain.dll". Beginning retry 3 in 1000ms. The process cannot access the file 'C:\Users\sjalk\source\repos\HR_system\EmployeeManagement.Web\bin\Debug\net10.0\EmployeeManagement.Domain.dll' because it is being used by another process. The file is locked by: "EmployeeManagement.Web (22332)" [C:\Users\sjalk\source\repos\HR_system\EmployeeManagement.Web\EmployeeManagement.Web.csproj]
C:\Program Files\dotnet\sdk\10.0.301\Microsoft.Common.CurrentVersion.targets(5096,5): warning MSB3026: Could not copy "C:\Users\sjalk\source\repos\HR_system\EmployeeManagement.Application\bin\Debug\net10.0\EmployeeManagement.Application.dll" to "bin\Debug\net10.0\EmployeeManagement.Application.dll". Beginning retry 3 in 1000ms. The process cannot access the file 'C:\Users\sjalk\source\repos\HR_system\EmployeeManagement.Web\bin\Debug\net10.0\EmployeeManagement.Application.dll' because it is being used by another process. The file is locked by: "EmployeeManagement.Web (22332)" [C:\Users\sjalk\source\repos\HR_system\EmployeeManagement.Web\EmployeeManagement.Web.csproj]
C:\Program Files\dotnet\sdk\10.0.301\Microsoft.Common.CurrentVersion.targets(5096,5): warning MSB3026: Could not copy "C:\Users\sjalk\source\repos\HR_system\EmployeeManagement.Infrastructure\bin\Debug\net10.0\EmployeeManagement.Infrastructure.dll" to "bin\Debug\net10.0\EmployeeManagement.Infrastructure.dll". Beginning retry 3 in 1000ms. The process cannot access the file 'C:\Users\sjalk\source\repos\HR_system\EmployeeManagement.Web\bin\Debug\net10.0\EmployeeManagement.Infrastructure.dll' because it is being used by another process. The file is locked by: "EmployeeManagement.Web (22332)" [C:\Users\sjalk\source\repos\HR_system\EmployeeManagement.Web\EmployeeManagement.Web.csproj]
C:\Program Files\dotnet\sdk\10.0.301\Microsoft.Common.CurrentVersion.targets(5096,5): warning MSB3026: Could not copy "C:\Users\sjalk\source\repos\HR_system\EmployeeManagement.Domain\bin\Debug\net10.0\EmployeeManagement.Domain.dll" to "bin\Debug\net10.0\EmployeeManagement.Domain.dll". Beginning retry 4 in 1000ms. The process cannot access the file 'C:\Users\sjalk\source\repos\HR_system\EmployeeManagement.Web\bin\Debug\net10.0\EmployeeManagement.Domain.dll' because it is being used by another process. The file is locked by: "EmployeeManagement.Web (22332)" [C:\Users\sjalk\source\repos\HR_system\EmployeeManagement.Web\EmployeeManagement.Web.csproj]
C:\Program Files\dotnet\sdk\10.0.301\Microsoft.Common.CurrentVersion.targets(5096,5): warning MSB3026: Could not copy "C:\Users\sjalk\source\repos\HR_system\EmployeeManagement.Infrastructure\bin\Debug\net10.0\EmployeeManagement.Infrastructure.dll" to "bin\Debug\net10.0\EmployeeManagement.Infrastructure.dll". Beginning retry 4 in 1000ms. The process cannot access the file 'C:\Users\sjalk\source\repos\HR_system\EmployeeManagement.Web\bin\Debug\net10.0\EmployeeManagement.Infrastructure.dll' because it is being used by another process. The file is locked by: "EmployeeManagement.Web (22332)" [C:\Users\sjalk\source\repos\HR_system\EmployeeManagement.Web\EmployeeManagement.Web.csproj]
C:\Program Files\dotnet\sdk\10.0.301\Microsoft.Common.CurrentVersion.targets(5096,5): warning MSB3026: Could not copy "C:\Users\sjalk\source\repos\HR_system\EmployeeManagement.Application\bin\Debug\net10.0\EmployeeManagement.Application.dll" to "bin\Debug\net10.0\EmployeeManagement.Application.dll". Beginning retry 4 in 1000ms. The process cannot access the file 'C:\Users\sjalk\source\repos\HR_system\EmployeeManagement.Web\bin\Debug\net10.0\EmployeeManagement.Application.dll' because it is being used by another process. The file is locked by: "EmployeeManagement.Web (22332)" [C:\Users\sjalk\source\repos\HR_system\EmployeeManagement.Web\EmployeeManagement.Web.csproj]
C:\Program Files\dotnet\sdk\10.0.301\Microsoft.Common.CurrentVersion.targets(5096,5): warning MSB3026: Could not copy "C:\Users\sjalk\source\repos\HR_system\EmployeeManagement.Domain\bin\Debug\net10.0\EmployeeManagement.Domain.dll" to "bin\Debug\net10.0\EmployeeManagement.Domain.dll". Beginning retry 5 in 1000ms. The process cannot access the file 'C:\Users\sjalk\source\repos\HR_system\EmployeeManagement.Web\bin\Debug\net10.0\EmployeeManagement.Domain.dll' because it is being used by another process. The file is locked by: "EmployeeManagement.Web (22332)" [C:\Users\sjalk\source\repos\HR_system\EmployeeManagement.Web\EmployeeManagement.Web.csproj]
C:\Program Files\dotnet\sdk\10.0.301\Microsoft.Common.CurrentVersion.targets(5096,5): warning MSB3026: Could not copy "C:\Users\sjalk\source\repos\HR_system\EmployeeManagement.Infrastructure\bin\Debug\net10.0\EmployeeManagement.Infrastructure.dll" to "bin\Debug\net10.0\EmployeeManagement.Infrastructure.dll". Beginning retry 5 in 1000ms. The process cannot access the file 'C:\Users\sjalk\source\repos\HR_system\EmployeeManagement.Web\bin\Debug\net10.0\EmployeeManagement.Infrastructure.dll' because it is being used by another process. The file is locked by: "EmployeeManagement.Web (22332)" [C:\Users\sjalk\source\repos\HR_system\EmployeeManagement.Web\EmployeeManagement.Web.csproj]
C:\Program Files\dotnet\sdk\10.0.301\Microsoft.Common.CurrentVersion.targets(5096,5): warning MSB3026: Could not copy "C:\Users\sjalk\source\repos\HR_system\EmployeeManagement.Application\bin\Debug\net10.0\EmployeeManagement.Application.dll" to "bin\Debug\net10.0\EmployeeManagement.Application.dll". Beginning retry 5 in 1000ms. The process cannot access the file 'C:\Users\sjalk\source\repos\HR_system\EmployeeManagement.Web\bin\Debug\net10.0\EmployeeManagement.Application.dll' because it is being used by another process. The file is locked by: "EmployeeManagement.Web (22332)" [C:\Users\sjalk\source\repos\HR_system\EmployeeManagement.Web\EmployeeManagement.Web.csproj]
C:\Program Files\dotnet\sdk\10.0.301\Microsoft.Common.CurrentVersion.targets(5096,5): warning MSB3026: Could not copy "C:\Users\sjalk\source\repos\HR_system\EmployeeManagement.Domain\bin\Debug\net10.0\EmployeeManagement.Domain.dll" to "bin\Debug\net10.0\EmployeeManagement.Domain.dll". Beginning retry 6 in 1000ms. The process cannot access the file 'C:\Users\sjalk\source\repos\HR_system\EmployeeManagement.Web\bin\Debug\net10.0\EmployeeManagement.Domain.dll' because it is being used by another process. The file is locked by: "EmployeeManagement.Web (22332)" [C:\Users\sjalk\source\repos\HR_system\EmployeeManagement.Web\EmployeeManagement.Web.csproj]
C:\Program Files\dotnet\sdk\10.0.301\Microsoft.Common.CurrentVersion.targets(5096,5): warning MSB3026: Could not copy "C:\Users\sjalk\source\repos\HR_system\EmployeeManagement.Application\bin\Debug\net10.0\EmployeeManagement.Application.dll" to "bin\Debug\net10.0\EmployeeManagement.Application.dll". Beginning retry 6 in 1000ms. The process cannot access the file 'C:\Users\sjalk\source\repos\HR_system\EmployeeManagement.Web\bin\Debug\net10.0\EmployeeManagement.Application.dll' because it is being used by another process. The file is locked by: "EmployeeManagement.Web (22332)" [C:\Users\sjalk\source\repos\HR_system\EmployeeManagement.Web\EmployeeManagement.Web.csproj]
C:\Program Files\dotnet\sdk\10.0.301\Microsoft.Common.CurrentVersion.targets(5096,5): warning MSB3026: Could not copy "C:\Users\sjalk\source\repos\HR_system\EmployeeManagement.Infrastructure\bin\Debug\net10.0\EmployeeManagement.Infrastructure.dll" to "bin\Debug\net10.0\EmployeeManagement.Infrastructure.dll". Beginning retry 6 in 1000ms. The process cannot access the file 'C:\Users\sjalk\source\repos\HR_system\EmployeeManagement.Web\bin\Debug\net10.0\EmployeeManagement.Infrastructure.dll' because it is being used by another process. The file is locked by: "EmployeeManagement.Web (22332)" [C:\Users\sjalk\source\repos\HR_system\EmployeeManagement.Web\EmployeeManagement.Web.csproj]
C:\Program Files\dotnet\sdk\10.0.301\Microsoft.Common.CurrentVersion.targets(5096,5): warning MSB3026: Could not copy "C:\Users\sjalk\source\repos\HR_system\EmployeeManagement.Domain\bin\Debug\net10.0\EmployeeManagement.Domain.dll" to "bin\Debug\net10.0\EmployeeManagement.Domain.dll". Beginning retry 7 in 1000ms. The process cannot access the file 'C:\Users\sjalk\source\repos\HR_system\EmployeeManagement.Web\bin\Debug\net10.0\EmployeeManagement.Domain.dll' because it is being used by another process. The file is locked by: "EmployeeManagement.Web (22332)" [C:\Users\sjalk\source\repos\HR_system\EmployeeManagement.Web\EmployeeManagement.Web.csproj]
C:\Program Files\dotnet\sdk\10.0.301\Microsoft.Common.CurrentVersion.targets(5096,5): warning MSB3026: Could not copy "C:\Users\sjalk\source\repos\HR_system\EmployeeManagement.Infrastructure\bin\Debug\net10.0\EmployeeManagement.Infrastructure.dll" to "bin\Debug\net10.0\EmployeeManagement.Infrastructure.dll". Beginning retry 7 in 1000ms. The process cannot access the file 'C:\Users\sjalk\source\repos\HR_system\EmployeeManagement.Web\bin\Debug\net10.0\EmployeeManagement.Infrastructure.dll' because it is being used by another process. The file is locked by: "EmployeeManagement.Web (22332)" [C:\Users\sjalk\source\repos\HR_system\EmployeeManagement.Web\EmployeeManagement.Web.csproj]
C:\Program Files\dotnet\sdk\10.0.301\Microsoft.Common.CurrentVersion.targets(5096,5): warning MSB3026: Could not copy "C:\Users\sjalk\source\repos\HR_system\EmployeeManagement.Application\bin\Debug\net10.0\EmployeeManagement.Application.dll" to "bin\Debug\net10.0\EmployeeManagement.Application.dll". Beginning retry 7 in 1000ms. The process cannot access the file 'C:\Users\sjalk\source\repos\HR_system\EmployeeManagement.Web\bin\Debug\net10.0\EmployeeManagement.Application.dll' because it is being used by another process. The file is locked by: "EmployeeManagement.Web (22332)" [C:\Users\sjalk\source\repos\HR_system\EmployeeManagement.Web\EmployeeManagement.Web.csproj]
C:\Program Files\dotnet\sdk\10.0.301\Microsoft.Common.CurrentVersion.targets(5096,5): warning MSB3026: Could not copy "C:\Users\sjalk\source\repos\HR_system\EmployeeManagement.Domain\bin\Debug\net10.0\EmployeeManagement.Domain.dll" to "bin\Debug\net10.0\EmployeeManagement.Domain.dll". Beginning retry 8 in 1000ms. The process cannot access the file 'C:\Users\sjalk\source\repos\HR_system\EmployeeManagement.Web\bin\Debug\net10.0\EmployeeManagement.Domain.dll' because it is being used by another process. The file is locked by: "EmployeeManagement.Web (22332)" [C:\Users\sjalk\source\repos\HR_system\EmployeeManagement.Web\EmployeeManagement.Web.csproj]
C:\Program Files\dotnet\sdk\10.0.301\Microsoft.Common.CurrentVersion.targets(5096,5): warning MSB3026: Could not copy "C:\Users\sjalk\source\repos\HR_system\EmployeeManagement.Infrastructure\bin\Debug\net10.0\EmployeeManagement.Infrastructure.dll" to "bin\Debug\net10.0\EmployeeManagement.Infrastructure.dll". Beginning retry 8 in 1000ms. The process cannot access the file 'C:\Users\sjalk\source\repos\HR_system\EmployeeManagement.Web\bin\Debug\net10.0\EmployeeManagement.Infrastructure.dll' because it is being used by another process. The file is locked by: "EmployeeManagement.Web (22332)" [C:\Users\sjalk\source\repos\HR_system\EmployeeManagement.Web\EmployeeManagement.Web.csproj]
C:\Program Files\dotnet\sdk\10.0.301\Microsoft.Common.CurrentVersion.targets(5096,5): warning MSB3026: Could not copy "C:\Users\sjalk\source\repos\HR_system\EmployeeManagement.Application\bin\Debug\net10.0\EmployeeManagement.Application.dll" to "bin\Debug\net10.0\EmployeeManagement.Application.dll". Beginning retry 8 in 1000ms. The process cannot access the file 'C:\Users\sjalk\source\repos\HR_system\EmployeeManagement.Web\bin\Debug\net10.0\EmployeeManagement.Application.dll' because it is being used by another process. The file is locked by: "EmployeeManagement.Web (22332)" [C:\Users\sjalk\source\repos\HR_system\EmployeeManagement.Web\EmployeeManagement.Web.csproj]
C:\Program Files\dotnet\sdk\10.0.301\Microsoft.Common.CurrentVersion.targets(5096,5): warning MSB3026: Could not copy "C:\Users\sjalk\source\repos\HR_system\EmployeeManagement.Domain\bin\Debug\net10.0\EmployeeManagement.Domain.dll" to "bin\Debug\net10.0\EmployeeManagement.Domain.dll". Beginning retry 9 in 1000ms. The process cannot access the file 'C:\Users\sjalk\source\repos\HR_system\EmployeeManagement.Web\bin\Debug\net10.0\EmployeeManagement.Domain.dll' because it is being used by another process. The file is locked by: "EmployeeManagement.Web (22332)" [C:\Users\sjalk\source\repos\HR_system\EmployeeManagement.Web\EmployeeManagement.Web.csproj]
C:\Program Files\dotnet\sdk\10.0.301\Microsoft.Common.CurrentVersion.targets(5096,5): warning MSB3026: Could not copy "C:\Users\sjalk\source\repos\HR_system\EmployeeManagement.Application\bin\Debug\net10.0\EmployeeManagement.Application.dll" to "bin\Debug\net10.0\EmployeeManagement.Application.dll". Beginning retry 9 in 1000ms. The process cannot access the file 'C:\Users\sjalk\source\repos\HR_system\EmployeeManagement.Web\bin\Debug\net10.0\EmployeeManagement.Application.dll' because it is being used by another process. The file is locked by: "EmployeeManagement.Web (22332)" [C:\Users\sjalk\source\repos\HR_system\EmployeeManagement.Web\EmployeeManagement.Web.csproj]
C:\Program Files\dotnet\sdk\10.0.301\Microsoft.Common.CurrentVersion.targets(5096,5): warning MSB3026: Could not copy "C:\Users\sjalk\source\repos\HR_system\EmployeeManagement.Infrastructure\bin\Debug\net10.0\EmployeeManagement.Infrastructure.dll" to "bin\Debug\net10.0\EmployeeManagement.Infrastructure.dll". Beginning retry 9 in 1000ms. The process cannot access the file 'C:\Users\sjalk\source\repos\HR_system\EmployeeManagement.Web\bin\Debug\net10.0\EmployeeManagement.Infrastructure.dll' because it is being used by another process. The file is locked by: "EmployeeManagement.Web (22332)" [C:\Users\sjalk\source\repos\HR_system\EmployeeManagement.Web\EmployeeManagement.Web.csproj]
C:\Program Files\dotnet\sdk\10.0.301\Microsoft.Common.CurrentVersion.targets(5096,5): warning MSB3026: Could not copy "C:\Users\sjalk\source\repos\HR_system\EmployeeManagement.Domain\bin\Debug\net10.0\EmployeeManagement.Domain.dll" to "bin\Debug\net10.0\EmployeeManagement.Domain.dll". Beginning retry 10 in 1000ms. The process cannot access the file 'C:\Users\sjalk\source\repos\HR_system\EmployeeManagement.Web\bin\Debug\net10.0\EmployeeManagement.Domain.dll' because it is being used by another process. The file is locked by: "EmployeeManagement.Web (22332)" [C:\Users\sjalk\source\repos\HR_system\EmployeeManagement.Web\EmployeeManagement.Web.csproj]
C:\Program Files\dotnet\sdk\10.0.301\Microsoft.Common.CurrentVersion.targets(5096,5): warning MSB3026: Could not copy "C:\Users\sjalk\source\repos\HR_system\EmployeeManagement.Infrastructure\bin\Debug\net10.0\EmployeeManagement.Infrastructure.dll" to "bin\Debug\net10.0\EmployeeManagement.Infrastructure.dll". Beginning retry 10 in 1000ms. The process cannot access the file 'C:\Users\sjalk\source\repos\HR_system\EmployeeManagement.Web\bin\Debug\net10.0\EmployeeManagement.Infrastructure.dll' because it is being used by another process. The file is locked by: "EmployeeManagement.Web (22332)" [C:\Users\sjalk\source\repos\HR_system\EmployeeManagement.Web\EmployeeManagement.Web.csproj]
C:\Program Files\dotnet\sdk\10.0.301\Microsoft.Common.CurrentVersion.targets(5096,5): warning MSB3026: Could not copy "C:\Users\sjalk\source\repos\HR_system\EmployeeManagement.Application\bin\Debug\net10.0\EmployeeManagement.Application.dll" to "bin\Debug\net10.0\EmployeeManagement.Application.dll". Beginning retry 10 in 1000ms. The process cannot access the file 'C:\Users\sjalk\source\repos\HR_system\EmployeeManagement.Web\bin\Debug\net10.0\EmployeeManagement.Application.dll' because it is being used by another process. The file is locked by: "EmployeeManagement.Web (22332)" [C:\Users\sjalk\source\repos\HR_system\EmployeeManagement.Web\EmployeeManagement.Web.csproj]
C:\Program Files\dotnet\sdk\10.0.301\Microsoft.Common.CurrentVersion.targets(5096,5): error MSB3027: Could not copy "C:\Users\sjalk\source\repos\HR_system\EmployeeManagement.Domain\bin\Debug\net10.0\EmployeeManagement.Domain.dll" to "bin\Debug\net10.0\EmployeeManagement.Domain.dll". Exceeded retry count of 10. Failed. The file is locked by: "EmployeeManagement.Web (22332)" [C:\Users\sjalk\source\repos\HR_system\EmployeeManagement.Web\EmployeeManagement.Web.csproj]
C:\Program Files\dotnet\sdk\10.0.301\Microsoft.Common.CurrentVersion.targets(5096,5): error MSB3021: Unable to copy file "C:\Users\sjalk\source\repos\HR_system\EmployeeManagement.Domain\bin\Debug\net10.0\EmployeeManagement.Domain.dll" to "bin\Debug\net10.0\EmployeeManagement.Domain.dll". The process cannot access the file 'C:\Users\sjalk\source\repos\HR_system\EmployeeManagement.Web\bin\Debug\net10.0\EmployeeManagement.Domain.dll' because it is being used by another process. [C:\Users\sjalk\source\repos\HR_system\EmployeeManagement.Web\EmployeeManagement.Web.csproj]
C:\Program Files\dotnet\sdk\10.0.301\Microsoft.Common.CurrentVersion.targets(5096,5): error MSB3027: Could not copy "C:\Users\sjalk\source\repos\HR_system\EmployeeManagement.Infrastructure\bin\Debug\net10.0\EmployeeManagement.Infrastructure.dll" to "bin\Debug\net10.0\EmployeeManagement.Infrastructure.dll". Exceeded retry count of 10. Failed. The file is locked by: "EmployeeManagement.Web (22332)" [C:\Users\sjalk\source\repos\HR_system\EmployeeManagement.Web\EmployeeManagement.Web.csproj]
C:\Program Files\dotnet\sdk\10.0.301\Microsoft.Common.CurrentVersion.targets(5096,5): error MSB3021: Unable to copy file "C:\Users\sjalk\source\repos\HR_system\EmployeeManagement.Infrastructure\bin\Debug\net10.0\EmployeeManagement.Infrastructure.dll" to "bin\Debug\net10.0\EmployeeManagement.Infrastructure.dll". The process cannot access the file 'C:\Users\sjalk\source\repos\HR_system\EmployeeManagement.Web\bin\Debug\net10.0\EmployeeManagement.Infrastructure.dll' because it is being used by another process. [C:\Users\sjalk\source\repos\HR_system\EmployeeManagement.Web\EmployeeManagement.Web.csproj]
C:\Program Files\dotnet\sdk\10.0.301\Microsoft.Common.CurrentVersion.targets(5096,5): error MSB3027: Could not copy "C:\Users\sjalk\source\repos\HR_system\EmployeeManagement.Application\bin\Debug\net10.0\EmployeeManagement.Application.dll" to "bin\Debug\net10.0\EmployeeManagement.Application.dll". Exceeded retry count of 10. Failed. The file is locked by: "EmployeeManagement.Web (22332)" [C:\Users\sjalk\source\repos\HR_system\EmployeeManagement.Web\EmployeeManagement.Web.csproj]
C:\Program Files\dotnet\sdk\10.0.301\Microsoft.Common.CurrentVersion.targets(5096,5): error MSB3021: Unable to copy file "C:\Users\sjalk\source\repos\HR_system\EmployeeManagement.Application\bin\Debug\net10.0\EmployeeManagement.Application.dll" to "bin\Debug\net10.0\EmployeeManagement.Application.dll". The process cannot access the file 'C:\Users\sjalk\source\repos\HR_system\EmployeeManagement.Web\bin\Debug\net10.0\EmployeeManagement.Application.dll' because it is being used by another process. [C:\Users\sjalk\source\repos\HR_system\EmployeeManagement.Web\EmployeeManagement.Web.csproj]
    30 Warning(s)
    6 Error(s)

Time Elapsed 00:00:17.13
